******************************************************************************
                  TI ARM Linker PC v18.1.1                     
******************************************************************************
>> Linked Tue May 15 09:52:11 2018

OUTPUT FILE NAME:   <file_first.out>
ENTRY POINT SYMBOL: "_c_int00_noargs"  address: 0000166d


MEMORY CONFIGURATION

         name            origin    length      used     unused   attr    fill
----------------------  --------  ---------  --------  --------  ----  --------
  FLASH                 00000000   00100000  00001c36  000fe3ca  R  X
  SRAM                  20000000   00040000  00000208  0003fdf8  RW X


SEGMENT ALLOCATION MAP

run origin  load origin   length   init length attrs members
----------  ----------- ---------- ----------- ----- -------
00000000    00000000    00001c38   00001c38    r-x
  00000000    00000000    00000208   00000208    r-- .intvecs
  00000208    00000208    000016aa   000016aa    r-x .text
  000018b4    000018b4    00000354   00000354    r-- .const
  00001c08    00001c08    00000030   00000030    r-- .cinit
20000000    20000000    00000208   00000000    rw-
  20000000    20000000    00000200   00000000    rw- .stack
  20000200    20000200    00000005   00000000    rw- .bss
  20000205    20000205    00000003   00000000    rw- .data


SECTION ALLOCATION MAP

 output                                  attributes/
section   page    origin      length       input sections
--------  ----  ----------  ----------   ----------------
.intvecs   0    00000000    00000208     
                  00000000    00000208     tm4c1294ncpdt_startup_ccs.obj (.intvecs)

.text      0    00000208    000016aa     
                  00000208    00000536     vl6180x_i2c.obj (.text)
                  0000073e    00000002     --HOLE-- [fill = 0]
                  00000740    00000310     softi2c.obj (.text)
                  00000a50    000002c0     main.obj (.text)
                  00000d10    00000244     TCS34725_file.obj (.text)
                  00000f54    00000200     driverlib.lib : sysctl.obj (.text:SysCtlClockFreqSet)
                  00001154    00000132                   : gpio.obj (.text:GPIOPadConfigSet)
                  00001286    00000002     --HOLE-- [fill = 0]
                  00001288    00000110                   : sysctl.obj (.text:SysCtlClockGet)
                  00001398    0000009c     rtsv7M4_T_le_v4SPD16_eabi.lib : memcpy_t2.asm.obj (.text)
                  00001434    00000068     driverlib.lib : interrupt.obj (.text:IntEnable)
                  0000149c    00000068     rtsv7M4_T_le_v4SPD16_eabi.lib : copy_decompress_lzss.c.obj (.text:decompress:lzss:__TI_decompress_lzss)
                  00001504    0000004c     driverlib.lib : i2c.obj (.text:I2CMasterInitExpClk)
                  00001550    00000048                   : gpio.obj (.text:GPIOPinConfigure)
                  00001598    00000048                   : sysctl.obj (.text:_SysCtlFrequencyGet)
                  000015e0    00000046                   : uart.obj (.text:UARTConfigSetExpClk)
                  00001626    00000002     --HOLE-- [fill = 0]
                  00001628    00000044     rtsv7M4_T_le_v4SPD16_eabi.lib : autoinit.c.obj (.text:__TI_auto_init_nobinit_nopinit:__TI_auto_init_nobinit_nopinit)
                  0000166c    00000038                                   : boot_cortex_m.c.obj (.text:_c_int00_noargs:_c_int00_noargs)
                  000016a4    00000034     driverlib.lib : sysctl.obj (.text:SysCtlPeripheralEnable)
                  000016d8    0000002a                   : gpio.obj (.text:GPIODirModeSet)
                  00001702    00000002     --HOLE-- [fill = 0]
                  00001704    00000020                   : uart.obj (.text:UARTDisable)
                  00001724    00000020                   : sysctl.obj (.text:_SysCtlMemTimingGet)
                  00001744    00000018                   : gpio.obj (.text:GPIOPinTypeGPIOOutput)
                  0000175c    00000018                   : gpio.obj (.text:GPIOPinTypeGPIOOutputOD)
                  00001774    00000016                   : i2c.obj (.text:I2CMasterErr)
                  0000178a    00000002     --HOLE-- [fill = 0]
                  0000178c    00000014                   : systick.obj (.text:SysTickEnable)
                  000017a0    00000014                   : uart.obj (.text:UARTEnable)
                  000017b4    00000012                   : gpio.obj (.text:GPIOPinTypeGPIOInput)
                  000017c6    00000012                   : gpio.obj (.text:GPIOPinTypeI2C)
                  000017d8    00000012                   : gpio.obj (.text:GPIOPinTypeI2CSCL)
                  000017ea    00000012                   : gpio.obj (.text:GPIOPinTypeUART)
                  000017fc    00000012     rtsv7M4_T_le_v4SPD16_eabi.lib : copy_zero_init.c.obj (.text:decompress:ZI:__TI_zero_init_nomemset:__TI_zero_init_nomemset)
                  0000180e    00000010     driverlib.lib : interrupt.obj (.text:IntMasterEnable)
                  0000181e    00000002     --HOLE-- [fill = 0]
                  00001820    00000010                   : systick.obj (.text:SysTickPeriodSet)
                  00001830    0000000e                   : uart.obj (.text:UARTCharPutNonBlocking)
                  0000183e    0000000e     rtsv7M4_T_le_v4SPD16_eabi.lib : copy_decompress_none.c.obj (.text:decompress:none:__TI_decompress_none)
                  0000184c    0000000c     driverlib.lib : cpu.obj (.text:CPUcpsie)
                  00001858    0000000c                   : systick.obj (.text:SysTickValueGet)
                  00001864    0000000c     tm4c1294ncpdt_startup_ccs.obj (.text)
                  00001870    0000000a     driverlib.lib : i2c.obj (.text:I2CMasterEnable)
                  0000187a    00000008                   : i2c.obj (.text:I2CMasterBusy)
                  00001882    00000008                   : i2c.obj (.text:I2CMasterSlaveAddrSet)
                  0000188a    00000008                   : uart.obj (.text:UARTIntEnable)
                  00001892    00000006                   : gpio.obj (.text:GPIOPinRead)
                  00001898    00000006                   : gpio.obj (.text:GPIOPinWrite)
                  0000189e    00000004                   : i2c.obj (.text:I2CMasterControl)
                  000018a2    00000004                   : i2c.obj (.text:I2CMasterDataGet)
                  000018a6    00000004                   : i2c.obj (.text:I2CMasterDataPut)
                  000018aa    00000004     rtsv7M4_T_le_v4SPD16_eabi.lib : pre_init.c.obj (.text:_system_pre_init)
                  000018ae    00000004                                   : exit.c.obj (.text:abort:abort)

.const     0    000018b4    00000354     
                  000018b4    000001b0     driverlib.lib : sysctl.obj (.const:g_pppui32XTALtoVCO)
                  00001a64    00000090                   : gpio.obj (.const:g_pui32GPIOBaseAddrs)
                  00001af4    00000070                   : interrupt.obj (.const)
                  00001b64    0000006c                   : sysctl.obj (.const:g_pui32Xtals)
                  00001bd0    00000030                   : sysctl.obj (.const:g_sXTALtoMEMTIM)
                  00001c00    00000008                   : sysctl.obj (.const)

.cinit     0    00001c08    00000030     
                  00001c08    0000000c     (__TI_handler_table)
                  00001c14    00000004     --HOLE-- [fill = 0]
                  00001c18    00000008     (.cinit..bss.load) [load image, compression = zero_init]
                  00001c20    00000007     (.cinit..data.load) [load image, compression = lzss]
                  00001c27    00000001     --HOLE-- [fill = 0]
                  00001c28    00000010     (__TI_cinit_table)

.init_array 
*          0    00000000    00000000     UNINITIALIZED

.bss       0    20000200    00000005     UNINITIALIZED
                  20000200    00000004     (.common:g_ui32SysClock)
                  20000204    00000001     (.common:data_id)

.data      0    20000205    00000003     UNINITIALIZED
                  20000205    00000002     main.obj (.data)
                  20000207    00000001     vl6180x_i2c.obj (.data)

.stack     0    20000000    00000200     UNINITIALIZED
                  20000000    00000004     rtsv7M4_T_le_v4SPD16_eabi.lib : boot_cortex_m.c.obj (.stack)
                  20000004    000001fc     --HOLE--

MODULE SUMMARY

       Module                          code   ro data   rw data
       ------                          ----   -------   -------
    .\
       vl6180x_i2c.obj                 1334   0         1      
       softi2c.obj                     784    0         0      
       main.obj                        704    0         7      
       TCS34725_file.obj               580    0         0      
       tm4c1294ncpdt_startup_ccs.obj   12     520       0      
    +--+-------------------------------+------+---------+---------+
       Total:                          3414   520       8      
                                                               
    C:/ti/TivaWare_C_Series-2.1.4.178/driverlib/ccs/Debug/driverlib.lib
       sysctl.obj                      940    596       0      
       gpio.obj                        552    144       0      
       interrupt.obj                   120    112       0      
       uart.obj                        144    0         0      
       i2c.obj                         136    0         0      
       systick.obj                     48     0         0      
       cpu.obj                         12     0         0      
    +--+-------------------------------+------+---------+---------+
       Total:                          1952   852       0      
                                                               
    D:\ccsv8\ccsv8\tools\compiler\ti-cgt-arm_18.1.1.LTS\lib\rtsv7M4_T_le_v4SPD16_eabi.lib
       memcpy_t2.asm.obj               156    0         0      
       copy_decompress_lzss.c.obj      104    0         0      
       autoinit.c.obj                  68     0         0      
       boot_cortex_m.c.obj             56     0         0      
       copy_zero_init.c.obj            18     0         0      
       copy_decompress_none.c.obj      14     0         0      
       exit.c.obj                      4      0         0      
       pre_init.c.obj                  4      0         0      
    +--+-------------------------------+------+---------+---------+
       Total:                          424    0         0      
                                                               
       Stack:                          0      0         512    
       Linker Generated:               0      43        0      
    +--+-------------------------------+------+---------+---------+
       Grand Total:                    5790   1415      520    


LINKER GENERATED COPY TABLES

__TI_cinit_table @ 00001c28 records: 2, size/record: 8, table size: 16
	.bss: load addr=00001c18, load size=00000008 bytes, run addr=20000200, run size=00000005 bytes, compression=zero_init
	.data: load addr=00001c20, load size=00000007 bytes, run addr=20000205, run size=00000003 bytes, compression=lzss


LINKER GENERATED HANDLER TABLE

__TI_handler_table @ 00001c08 records: 3, size/record: 4, table size: 12
	index: 0, handler: __TI_decompress_lzss
	index: 1, handler: __TI_decompress_none
	index: 2, handler: __TI_zero_init


GLOBAL SYMBOLS: SORTED ALPHABETICALLY BY Name 

address   name                          
-------   ----                          
000018af  C$$EXIT                       
0000184d  CPUcpsie                      
00000789  DelayMS                       
00000d11  Delay_ms                      
000016d9  GPIODirModeSet                
00001155  GPIOPadConfigSet              
00001551  GPIOPinConfigure              
00001893  GPIOPinRead                   
000017b5  GPIOPinTypeGPIOInput          
00001745  GPIOPinTypeGPIOOutput         
0000175d  GPIOPinTypeGPIOOutputOD       
000017c7  GPIOPinTypeI2C                
000017d9  GPIOPinTypeI2CSCL             
000017eb  GPIOPinTypeUART               
00001899  GPIOPinWrite                  
0000187b  I2CMasterBusy                 
0000189f  I2CMasterControl              
000018a3  I2CMasterDataGet              
000018a7  I2CMasterDataPut              
00001871  I2CMasterEnable               
00001775  I2CMasterErr                  
00001505  I2CMasterInitExpClk           
00000e07  I2CMasterReadTCS34725         
00001883  I2CMasterSlaveAddrSet         
00000d5d  I2CMasterWriteTCS34725        
000007db  IIC_Init                      
00001435  IntEnable                     
0000180f  IntMasterEnable               
000004ad  RangePollingRead              
00001865  ResetISR                      
00000f55  SysCtlClockFreqSet            
00001289  SysCtlClockGet                
000016a5  SysCtlPeripheralEnable        
0000178d  SysTickEnable                 
00001821  SysTickPeriodSet              
00001859  SysTickValueGet               
00000ed3  TCS34725_Enable               
00000f29  TCS34725_SetGain              
00000f03  TCS34725_SetIntegrationTime   
00001831  UARTCharPutNonBlocking        
000015e1  UARTConfigSetExpClk           
00001705  UARTDisable                   
000017a1  UARTEnable                    
0000188b  UARTIntEnable                 
00000a51  UARTSend                      
00000209  VL6180X_CheckID               
0000021d  VL6180X_Init                  
000005a1  VL6180X_WriteBytes            
00000615  VL6180x_ReadBytes             
00000693  VL6180x_Read_Two_Bytes        
20000200  __STACK_END                   
00000200  __STACK_SIZE                  
20000200  __STACK_TOP                   
00001c28  __TI_CINIT_Base               
00001c38  __TI_CINIT_Limit              
00001c08  __TI_Handler_Table_Base       
00001c14  __TI_Handler_Table_Limit      
00001629  __TI_auto_init_nobinit_nopinit
0000149d  __TI_decompress_lzss          
0000183f  __TI_decompress_none          
ffffffff  __TI_pprof_out_hndl           
ffffffff  __TI_prof_data_size           
ffffffff  __TI_prof_data_start          
00000000  __TI_static_base__            
000017fd  __TI_zero_init_nomemset       
00001399  __aeabi_memcpy                
00001399  __aeabi_memcpy4               
00001399  __aeabi_memcpy8               
ffffffff  __binit__                     
ffffffff  __c_args__                    
UNDEFED   __mpu_init                    
20000000  __stack                       
0000166d  _c_int00_noargs               
UNDEFED   _system_post_cinit            
000018ab  _system_pre_init              
000018af  abort                         
ffffffff  binit                         
00000997  check_ack                     
20000204  data_id                       
20000207  data_reg                      
20000206  data_staus                    
00000741  delay_1ms                     
20000205  distance                      
00000a79  distance_show                 
00000000  g_pfnVectors                  
20000200  g_ui32SysClock                
000009db  iic_read                      
00000909  iic_write                     
00000541  ligthPollingRead              
00000b9d  main                          
00001399  memcpy                        
00000851  send_ack                      
0000081f  send_noack                    
000008c5  start                         
00000883  stop                          


GLOBAL SYMBOLS: SORTED BY Symbol Address 

address   name                          
-------   ----                          
00000000  __TI_static_base__            
00000000  g_pfnVectors                  
00000200  __STACK_SIZE                  
00000209  VL6180X_CheckID               
0000021d  VL6180X_Init                  
000004ad  RangePollingRead              
00000541  ligthPollingRead              
000005a1  VL6180X_WriteBytes            
00000615  VL6180x_ReadBytes             
00000693  VL6180x_Read_Two_Bytes        
00000741  delay_1ms                     
00000789  DelayMS                       
000007db  IIC_Init                      
0000081f  send_noack                    
00000851  send_ack                      
00000883  stop                          
000008c5  start                         
00000909  iic_write                     
00000997  check_ack                     
000009db  iic_read                      
00000a51  UARTSend                      
00000a79  distance_show                 
00000b9d  main                          
00000d11  Delay_ms                      
00000d5d  I2CMasterWriteTCS34725        
00000e07  I2CMasterReadTCS34725         
00000ed3  TCS34725_Enable               
00000f03  TCS34725_SetIntegrationTime   
00000f29  TCS34725_SetGain              
00000f55  SysCtlClockFreqSet            
00001155  GPIOPadConfigSet              
00001289  SysCtlClockGet                
00001399  __aeabi_memcpy                
00001399  __aeabi_memcpy4               
00001399  __aeabi_memcpy8               
00001399  memcpy                        
00001435  IntEnable                     
0000149d  __TI_decompress_lzss          
00001505  I2CMasterInitExpClk           
00001551  GPIOPinConfigure              
000015e1  UARTConfigSetExpClk           
00001629  __TI_auto_init_nobinit_nopinit
0000166d  _c_int00_noargs               
000016a5  SysCtlPeripheralEnable        
000016d9  GPIODirModeSet                
00001705  UARTDisable                   
00001745  GPIOPinTypeGPIOOutput         
0000175d  GPIOPinTypeGPIOOutputOD       
00001775  I2CMasterErr                  
0000178d  SysTickEnable                 
000017a1  UARTEnable                    
000017b5  GPIOPinTypeGPIOInput          
000017c7  GPIOPinTypeI2C                
000017d9  GPIOPinTypeI2CSCL             
000017eb  GPIOPinTypeUART               
000017fd  __TI_zero_init_nomemset       
0000180f  IntMasterEnable               
00001821  SysTickPeriodSet              
00001831  UARTCharPutNonBlocking        
0000183f  __TI_decompress_none          
0000184d  CPUcpsie                      
00001859  SysTickValueGet               
00001865  ResetISR                      
00001871  I2CMasterEnable               
0000187b  I2CMasterBusy                 
00001883  I2CMasterSlaveAddrSet         
0000188b  UARTIntEnable                 
00001893  GPIOPinRead                   
00001899  GPIOPinWrite                  
0000189f  I2CMasterControl              
000018a3  I2CMasterDataGet              
000018a7  I2CMasterDataPut              
000018ab  _system_pre_init              
000018af  C$$EXIT                       
000018af  abort                         
00001c08  __TI_Handler_Table_Base       
00001c14  __TI_Handler_Table_Limit      
00001c28  __TI_CINIT_Base               
00001c38  __TI_CINIT_Limit              
20000000  __stack                       
20000200  __STACK_END                   
20000200  __STACK_TOP                   
20000200  g_ui32SysClock                
20000204  data_id                       
20000205  distance                      
20000206  data_staus                    
20000207  data_reg                      
ffffffff  __TI_pprof_out_hndl           
ffffffff  __TI_prof_data_size           
ffffffff  __TI_prof_data_start          
ffffffff  __binit__                     
ffffffff  __c_args__                    
ffffffff  binit                         
UNDEFED   __mpu_init                    
UNDEFED   _system_post_cinit            

[95 symbols]
